Archive member included because of file (symbol)

C:\WinAVR-20100110\avr\include\avr\libefsio.a(efsio.o)
                              Google_voice_assistance_based_smart_home.o (write)
C:\WinAVR-20100110\avr\include\avr\libixabwifiadvanced.a(wifi.o)
                              Google_voice_assistance_based_smart_home.o (wifi_http)
c:/winavr-20100110/bin/../lib/gcc/avr/4.3.3/avr5\libgcc.a(_mulsi3.o)
                              Google_voice_assistance_based_smart_home.o (__mulsi3)
c:/winavr-20100110/bin/../lib/gcc/avr/4.3.3/avr5\libgcc.a(_divmodhi4.o)
                              C:\WinAVR-20100110\avr\include\avr\libixabwifiadvanced.a(wifi.o) (__divmodhi4)
c:/winavr-20100110/bin/../lib/gcc/avr/4.3.3/avr5\libgcc.a(_udivmodsi4.o)
                              Google_voice_assistance_based_smart_home.o (__udivmodsi4)
c:/winavr-20100110/bin/../lib/gcc/avr/4.3.3/avr5\libgcc.a(_divmodsi4.o)
                              Google_voice_assistance_based_smart_home.o (__divmodsi4)
c:/winavr-20100110/bin/../lib/gcc/avr/4.3.3/avr5\libgcc.a(_exit.o)
                              c:/winavr-20100110/bin/../lib/gcc/avr/4.3.3/../../../../avr/lib/avr5/crtm32.o (exit)
c:/winavr-20100110/bin/../lib/gcc/avr/4.3.3/avr5\libgcc.a(_copy_data.o)
                              Google_voice_assistance_based_smart_home.o (__do_copy_data)
c:/winavr-20100110/bin/../lib/gcc/avr/4.3.3/avr5\libgcc.a(_clear_bss.o)
                              Google_voice_assistance_based_smart_home.o (__do_clear_bss)
c:/winavr-20100110/bin/../lib/gcc/avr/4.3.3/avr5\libgcc.a(_udivmodhi4.o)
                              c:/winavr-20100110/bin/../lib/gcc/avr/4.3.3/avr5\libgcc.a(_divmodhi4.o) (__udivmodhi4)
c:/winavr-20100110/bin/../lib/gcc/avr/4.3.3/../../../../avr/lib/avr5\libc.a(atoi.o)
                              Google_voice_assistance_based_smart_home.o (atoi)
c:/winavr-20100110/bin/../lib/gcc/avr/4.3.3/../../../../avr/lib/avr5\libc.a(strchr.o)
                              C:\WinAVR-20100110\avr\include\avr\libefsio.a(efsio.o) (strchr)
c:/winavr-20100110/bin/../lib/gcc/avr/4.3.3/../../../../avr/lib/avr5\libc.a(strcpy.o)
                              Google_voice_assistance_based_smart_home.o (strcpy)
c:/winavr-20100110/bin/../lib/gcc/avr/4.3.3/../../../../avr/lib/avr5\libc.a(strncasecmp.o)
                              C:\WinAVR-20100110\avr\include\avr\libefsio.a(efsio.o) (strncasecmp)
c:/winavr-20100110/bin/../lib/gcc/avr/4.3.3/../../../../avr/lib/avr5\libc.a(strncpy.o)
                              C:\WinAVR-20100110\avr\include\avr\libefsio.a(efsio.o) (strncpy)
c:/winavr-20100110/bin/../lib/gcc/avr/4.3.3/../../../../avr/lib/avr5\libc.a(strstr.o)
                              C:\WinAVR-20100110\avr\include\avr\libefsio.a(efsio.o) (strstr)
c:/winavr-20100110/bin/../lib/gcc/avr/4.3.3/../../../../avr/lib/avr5\libc.a(itoa.o)
                              Google_voice_assistance_based_smart_home.o (itoa)
c:/winavr-20100110/bin/../lib/gcc/avr/4.3.3/../../../../avr/lib/avr5\libc.a(ltoa.o)
                              Google_voice_assistance_based_smart_home.o (ltoa)
c:/winavr-20100110/bin/../lib/gcc/avr/4.3.3/../../../../avr/lib/avr5\libc.a(mul10.o)
                              c:/winavr-20100110/bin/../lib/gcc/avr/4.3.3/../../../../avr/lib/avr5\libc.a(atoi.o) (__mulhi_const_10)
c:/winavr-20100110/bin/../lib/gcc/avr/4.3.3/../../../../avr/lib/avr5\libc.a(sprintf.o)
                              Google_voice_assistance_based_smart_home.o (sprintf)
c:/winavr-20100110/bin/../lib/gcc/avr/4.3.3/../../../../avr/lib/avr5\libc.a(vfprintf_std.o)
                              c:/winavr-20100110/bin/../lib/gcc/avr/4.3.3/../../../../avr/lib/avr5\libc.a(sprintf.o) (vfprintf)
c:/winavr-20100110/bin/../lib/gcc/avr/4.3.3/../../../../avr/lib/avr5\libc.a(strnlen_P.o)
                              c:/winavr-20100110/bin/../lib/gcc/avr/4.3.3/../../../../avr/lib/avr5\libc.a(vfprintf_std.o) (strnlen_P)
c:/winavr-20100110/bin/../lib/gcc/avr/4.3.3/../../../../avr/lib/avr5\libc.a(strnlen.o)
                              c:/winavr-20100110/bin/../lib/gcc/avr/4.3.3/../../../../avr/lib/avr5\libc.a(vfprintf_std.o) (strnlen)
c:/winavr-20100110/bin/../lib/gcc/avr/4.3.3/../../../../avr/lib/avr5\libc.a(strrev.o)
                              c:/winavr-20100110/bin/../lib/gcc/avr/4.3.3/../../../../avr/lib/avr5\libc.a(itoa.o) (strrev)
c:/winavr-20100110/bin/../lib/gcc/avr/4.3.3/../../../../avr/lib/avr5\libc.a(fputc.o)
                              c:/winavr-20100110/bin/../lib/gcc/avr/4.3.3/../../../../avr/lib/avr5\libc.a(vfprintf_std.o) (fputc)
c:/winavr-20100110/bin/../lib/gcc/avr/4.3.3/../../../../avr/lib/avr5\libc.a(ultoa_invert.o)
                              c:/winavr-20100110/bin/../lib/gcc/avr/4.3.3/../../../../avr/lib/avr5\libc.a(vfprintf_std.o) (__ultoa_invert)
c:/winavr-20100110/bin/../lib/gcc/avr/4.3.3/avr5\libgcc.a(_prologue.o)
                              c:/winavr-20100110/bin/../lib/gcc/avr/4.3.3/../../../../avr/lib/avr5\libc.a(sprintf.o) (__prologue_saves__)
c:/winavr-20100110/bin/../lib/gcc/avr/4.3.3/avr5\libgcc.a(_epilogue.o)
                              c:/winavr-20100110/bin/../lib/gcc/avr/4.3.3/../../../../avr/lib/avr5\libc.a(sprintf.o) (__epilogue_restores__)

Allocating common symbols
Common symbol       size              file

jd                  0x2               C:\WinAVR-20100110\avr\include\avr\libixabwifiadvanced.a(wifi.o)
mk                  0x1               C:\WinAVR-20100110\avr\include\avr\libixabwifiadvanced.a(wifi.o)
ah                  0x2               C:\WinAVR-20100110\avr\include\avr\libixabwifiadvanced.a(wifi.o)
wxname              0xc               C:\WinAVR-20100110\avr\include\avr\libixabwifiadvanced.a(wifi.o)
wxpwsd              0xc               C:\WinAVR-20100110\avr\include\avr\libixabwifiadvanced.a(wifi.o)
wifi_buffer         0xa0              C:\WinAVR-20100110\avr\include\avr\libixabwifiadvanced.a(wifi.o)
hcode               0x2               C:\WinAVR-20100110\avr\include\avr\libixabwifiadvanced.a(wifi.o)
UQFront             0x1               Google_voice_assistance_based_smart_home.o
data                0x14              Google_voice_assistance_based_smart_home.o
UQEnd               0x1               Google_voice_assistance_based_smart_home.o
URBuff              0x12c             Google_voice_assistance_based_smart_home.o

Memory Configuration

Name             Origin             Length             Attributes
text             0x00000000         0x00020000         xr
data             0x00800060         0x0000ffa0         rw !x
eeprom           0x00810000         0x00010000         rw !x
fuse             0x00820000         0x00000400         rw !x
lock             0x00830000         0x00000400         rw !x
signature        0x00840000         0x00000400         rw !x
*default*        0x00000000         0xffffffff

Linker script and memory map

LOAD c:/winavr-20100110/bin/../lib/gcc/avr/4.3.3/../../../../avr/lib/avr5/crtm32.o
LOAD Google_voice_assistance_based_smart_home.o
LOAD c:/winavr-20100110/bin/../lib/gcc/avr/4.3.3/../../../../avr/lib/avr5\libm.a
LOAD C:\WinAVR-20100110\avr\include\avr\libefsio.a
LOAD C:\WinAVR-20100110\avr\include\avr\libixabwifiadvanced.a
LOAD c:/winavr-20100110/bin/../lib/gcc/avr/4.3.3/avr5\libgcc.a
LOAD c:/winavr-20100110/bin/../lib/gcc/avr/4.3.3/../../../../avr/lib/avr5\libc.a
LOAD c:/winavr-20100110/bin/../lib/gcc/avr/4.3.3/avr5\libgcc.a

.hash
 *(.hash)

.dynsym
 *(.dynsym)

.dynstr
 *(.dynstr)

.gnu.version
 *(.gnu.version)

.gnu.version_d
 *(.gnu.version_d)

.gnu.version_r
 *(.gnu.version_r)

.rel.init
 *(.rel.init)

.rela.init
 *(.rela.init)

.rel.text
 *(.rel.text)
 *(.rel.text.*)
 *(.rel.gnu.linkonce.t*)

.rela.text
 *(.rela.text)
 *(.rela.text.*)
 *(.rela.gnu.linkonce.t*)

.rel.fini
 *(.rel.fini)

.rela.fini
 *(.rela.fini)

.rel.rodata
 *(.rel.rodata)
 *(.rel.rodata.*)
 *(.rel.gnu.linkonce.r*)

.rela.rodata
 *(.rela.rodata)
 *(.rela.rodata.*)
 *(.rela.gnu.linkonce.r*)

.rel.data
 *(.rel.data)
 *(.rel.data.*)
 *(.rel.gnu.linkonce.d*)

.rela.data
 *(.rela.data)
 *(.rela.data.*)
 *(.rela.gnu.linkonce.d*)

.rel.ctors
 *(.rel.ctors)

.rela.ctors
 *(.rela.ctors)

.rel.dtors
 *(.rel.dtors)

.rela.dtors
 *(.rela.dtors)

.rel.got
 *(.rel.got)

.rela.got
 *(.rela.got)

.rel.bss
 *(.rel.bss)

.rela.bss
 *(.rela.bss)

.rel.plt
 *(.rel.plt)

.rela.plt
 *(.rela.plt)

.text           0x00000000     0x1ba2
 *(.vectors)
 .vectors       0x00000000       0x54 c:/winavr-20100110/bin/../lib/gcc/avr/4.3.3/../../../../avr/lib/avr5/crtm32.o
                0x00000000                __vectors
                0x00000000                __vector_default
 *(.vectors)
 *(.progmem.gcc*)
 *(.progmem*)
 .progmem.data  0x00000054       0x18 C:\WinAVR-20100110\avr\include\avr\libixabwifiadvanced.a(wifi.o)
                0x0000006c                . = ALIGN (0x2)
                0x0000006c                __trampolines_start = .
 *(.trampolines)
 .trampolines   0x0000006c        0x0 linker stubs
 *(.trampolines*)
                0x0000006c                __trampolines_end = .
 *(.jumptables)
 *(.jumptables*)
 *(.lowtext)
 *(.lowtext*)
                0x0000006c                __ctors_start = .
 *(.ctors)
                0x0000006c                __ctors_end = .
                0x0000006c                __dtors_start = .
 *(.dtors)
                0x0000006c                __dtors_end = .
 SORT(*)(.ctors)
 SORT(*)(.dtors)
 *(.init0)
 .init0         0x0000006c        0x0 c:/winavr-20100110/bin/../lib/gcc/avr/4.3.3/../../../../avr/lib/avr5/crtm32.o
                0x0000006c                __init
 *(.init0)
 *(.init1)
 *(.init1)
 *(.init2)
 .init2         0x0000006c        0xc c:/winavr-20100110/bin/../lib/gcc/avr/4.3.3/../../../../avr/lib/avr5/crtm32.o
 *(.init2)
 *(.init3)
 *(.init3)
 *(.init4)
 .init4         0x00000078       0x16 c:/winavr-20100110/bin/../lib/gcc/avr/4.3.3/avr5\libgcc.a(_copy_data.o)
                0x00000078                __do_copy_data
 .init4         0x0000008e       0x10 c:/winavr-20100110/bin/../lib/gcc/avr/4.3.3/avr5\libgcc.a(_clear_bss.o)
                0x0000008e                __do_clear_bss
 *(.init4)
 *(.init5)
 *(.init5)
 *(.init6)
 *(.init6)
 *(.init7)
 *(.init7)
 *(.init8)
 *(.init8)
 *(.init9)
 .init9         0x0000009e        0x8 c:/winavr-20100110/bin/../lib/gcc/avr/4.3.3/../../../../avr/lib/avr5/crtm32.o
 *(.init9)
 *(.text)
 .text          0x000000a6        0x4 c:/winavr-20100110/bin/../lib/gcc/avr/4.3.3/../../../../avr/lib/avr5/crtm32.o
                0x000000a6                __vector_1
                0x000000a6                __vector_12
                0x000000a6                __bad_interrupt
                0x000000a6                __vector_6
                0x000000a6                __vector_3
                0x000000a6                __vector_11
                0x000000a6                __vector_17
                0x000000a6                __vector_19
                0x000000a6                __vector_7
                0x000000a6                __vector_5
                0x000000a6                __vector_4
                0x000000a6                __vector_9
                0x000000a6                __vector_2
                0x000000a6                __vector_15
                0x000000a6                __vector_8
                0x000000a6                __vector_14
                0x000000a6                __vector_10
                0x000000a6                __vector_16
                0x000000a6                __vector_18
                0x000000a6                __vector_20
 .text          0x000000aa      0xc54 Google_voice_assistance_based_smart_home.o
                0x0000022c                serial_available
                0x000006a2                data_update
                0x00000432                lcd_data
                0x00000b32                serial_num
                0x0000061a                lcd_num
                0x000007fe                gps_update
                0x00000446                lcd_gotoxy
                0x0000046e                lcd_putc
                0x0000035c                urclear
                0x000002a6                serial_nread
                0x00000556                all_lights_off
                0x0000045e                lcd_clear
                0x00000466                lcd_home
                0x000002d2                __vector_13
                0x000001e0                serial_string_P
                0x00000b76                complete_setup
                0x000001cc                serial_string
                0x00000498                lcd_string
                0x000001f4                s_readbuffer
                0x0000065e                serial_numl
                0x00000456                lcd_getxy
                0x000001c4                serial_char
                0x00000280                serial_nreadw
                0x000004b0                lcd_puts_p
                0x000004e8                lcd_init
                0x00000baa                main
                0x000004cc                lcd_string_X
                0x00000270                s_clearbuffer
                0x000000aa                serial_init
                0x00000750                data_updatex
                0x0000017a                serial_read
                0x000005b8                all_lights_on
                0x00000a6a                data_retrieve
                0x0000041e                lcd_command
                0x000008b0                rgb_retrieve
                0x000000fe                serial_finit
                0x000009ae                data_retrievex
 .text          0x00000cfe      0x438 C:\WinAVR-20100110\avr\include\avr\libefsio.a(efsio.o)
                0x00001050                serial_select
                0x00000f96                direction
                0x00000dd6                write
                0x00000cfe                read
                0x0000110a                compare
                0x00001130                str_num
                0x000010a4                jsonparser
 .text          0x00001136      0x1f6 C:\WinAVR-20100110\avr\include\avr\libixabwifiadvanced.a(wifi.o)
                0x000011fa                wifi_http
                0x00001142                wifi_restart
                0x00001326                reconfigure
                0x0000113c                wifi_status
                0x0000116e                WaitForWResponse
                0x00001136                wifi_off
                0x00001282                wifi_connect
                0x000012fa                wifi_init
 .text          0x0000132c        0x0 c:/winavr-20100110/bin/../lib/gcc/avr/4.3.3/avr5\libgcc.a(_mulsi3.o)
 .text          0x0000132c        0x0 c:/winavr-20100110/bin/../lib/gcc/avr/4.3.3/avr5\libgcc.a(_divmodhi4.o)
 .text          0x0000132c        0x0 c:/winavr-20100110/bin/../lib/gcc/avr/4.3.3/avr5\libgcc.a(_udivmodsi4.o)
 .text          0x0000132c        0x0 c:/winavr-20100110/bin/../lib/gcc/avr/4.3.3/avr5\libgcc.a(_divmodsi4.o)
 .text          0x0000132c        0x0 c:/winavr-20100110/bin/../lib/gcc/avr/4.3.3/avr5\libgcc.a(_exit.o)
 .text          0x0000132c        0x0 c:/winavr-20100110/bin/../lib/gcc/avr/4.3.3/avr5\libgcc.a(_copy_data.o)
 .text          0x0000132c        0x0 c:/winavr-20100110/bin/../lib/gcc/avr/4.3.3/avr5\libgcc.a(_clear_bss.o)
 .text          0x0000132c        0x0 c:/winavr-20100110/bin/../lib/gcc/avr/4.3.3/avr5\libgcc.a(_udivmodhi4.o)
 .text          0x0000132c        0x0 c:/winavr-20100110/bin/../lib/gcc/avr/4.3.3/../../../../avr/lib/avr5\libc.a(atoi.o)
 .text          0x0000132c        0x0 c:/winavr-20100110/bin/../lib/gcc/avr/4.3.3/../../../../avr/lib/avr5\libc.a(strchr.o)
 .text          0x0000132c        0x0 c:/winavr-20100110/bin/../lib/gcc/avr/4.3.3/../../../../avr/lib/avr5\libc.a(strcpy.o)
 .text          0x0000132c        0x0 c:/winavr-20100110/bin/../lib/gcc/avr/4.3.3/../../../../avr/lib/avr5\libc.a(strncasecmp.o)
 .text          0x0000132c        0x0 c:/winavr-20100110/bin/../lib/gcc/avr/4.3.3/../../../../avr/lib/avr5\libc.a(strncpy.o)
 .text          0x0000132c        0x0 c:/winavr-20100110/bin/../lib/gcc/avr/4.3.3/../../../../avr/lib/avr5\libc.a(strstr.o)
 .text          0x0000132c        0x0 c:/winavr-20100110/bin/../lib/gcc/avr/4.3.3/../../../../avr/lib/avr5\libc.a(itoa.o)
 .text          0x0000132c        0x0 c:/winavr-20100110/bin/../lib/gcc/avr/4.3.3/../../../../avr/lib/avr5\libc.a(ltoa.o)
 .text          0x0000132c        0x0 c:/winavr-20100110/bin/../lib/gcc/avr/4.3.3/../../../../avr/lib/avr5\libc.a(mul10.o)
 .text          0x0000132c        0x0 c:/winavr-20100110/bin/../lib/gcc/avr/4.3.3/../../../../avr/lib/avr5\libc.a(sprintf.o)
 .text          0x0000132c        0x0 c:/winavr-20100110/bin/../lib/gcc/avr/4.3.3/../../../../avr/lib/avr5\libc.a(vfprintf_std.o)
 .text          0x0000132c        0x0 c:/winavr-20100110/bin/../lib/gcc/avr/4.3.3/../../../../avr/lib/avr5\libc.a(strnlen_P.o)
 .text          0x0000132c        0x0 c:/winavr-20100110/bin/../lib/gcc/avr/4.3.3/../../../../avr/lib/avr5\libc.a(strnlen.o)
 .text          0x0000132c        0x0 c:/winavr-20100110/bin/../lib/gcc/avr/4.3.3/../../../../avr/lib/avr5\libc.a(strrev.o)
 .text          0x0000132c        0x0 c:/winavr-20100110/bin/../lib/gcc/avr/4.3.3/../../../../avr/lib/avr5\libc.a(fputc.o)
 .text          0x0000132c        0x0 c:/winavr-20100110/bin/../lib/gcc/avr/4.3.3/../../../../avr/lib/avr5\libc.a(ultoa_invert.o)
 .text          0x0000132c        0x0 c:/winavr-20100110/bin/../lib/gcc/avr/4.3.3/avr5\libgcc.a(_prologue.o)
 .text          0x0000132c        0x0 c:/winavr-20100110/bin/../lib/gcc/avr/4.3.3/avr5\libgcc.a(_epilogue.o)
                0x0000132c                . = ALIGN (0x2)
 *(.text.*)
 .text.libgcc   0x0000132c       0x3e c:/winavr-20100110/bin/../lib/gcc/avr/4.3.3/avr5\libgcc.a(_mulsi3.o)
                0x0000132c                __mulsi3
 .text.libgcc   0x0000136a       0x26 c:/winavr-20100110/bin/../lib/gcc/avr/4.3.3/avr5\libgcc.a(_divmodhi4.o)
                0x0000136a                __divmodhi4
                0x0000136a                _div
 .text.libgcc   0x00001390       0x44 c:/winavr-20100110/bin/../lib/gcc/avr/4.3.3/avr5\libgcc.a(_udivmodsi4.o)
                0x00001390                __udivmodsi4
 .text.libgcc   0x000013d4       0x36 c:/winavr-20100110/bin/../lib/gcc/avr/4.3.3/avr5\libgcc.a(_divmodsi4.o)
                0x000013d4                __divmodsi4
 .text.libgcc   0x0000140a        0x0 c:/winavr-20100110/bin/../lib/gcc/avr/4.3.3/avr5\libgcc.a(_exit.o)
 .text.libgcc   0x0000140a        0x0 c:/winavr-20100110/bin/../lib/gcc/avr/4.3.3/avr5\libgcc.a(_copy_data.o)
 .text.libgcc   0x0000140a        0x0 c:/winavr-20100110/bin/../lib/gcc/avr/4.3.3/avr5\libgcc.a(_clear_bss.o)
 .text.libgcc   0x0000140a       0x28 c:/winavr-20100110/bin/../lib/gcc/avr/4.3.3/avr5\libgcc.a(_udivmodhi4.o)
                0x0000140a                __udivmodhi4
 .text.avr-libc
                0x00001432       0x3c c:/winavr-20100110/bin/../lib/gcc/avr/4.3.3/../../../../avr/lib/avr5\libc.a(atoi.o)
                0x00001432                atoi
 .text.avr-libc
                0x0000146e       0x16 c:/winavr-20100110/bin/../lib/gcc/avr/4.3.3/../../../../avr/lib/avr5\libc.a(strchr.o)
                0x0000146e                strchr
 .text.avr-libc
                0x00001484        0xe c:/winavr-20100110/bin/../lib/gcc/avr/4.3.3/../../../../avr/lib/avr5\libc.a(strcpy.o)
                0x00001484                strcpy
 .text.avr-libc
                0x00001492       0x30 c:/winavr-20100110/bin/../lib/gcc/avr/4.3.3/../../../../avr/lib/avr5\libc.a(strncasecmp.o)
                0x00001492                strncasecmp
 .text.avr-libc
                0x000014c2       0x1e c:/winavr-20100110/bin/../lib/gcc/avr/4.3.3/../../../../avr/lib/avr5\libc.a(strncpy.o)
                0x000014c2                strncpy
 .text.avr-libc
                0x000014e0       0x34 c:/winavr-20100110/bin/../lib/gcc/avr/4.3.3/../../../../avr/lib/avr5\libc.a(strstr.o)
                0x000014e0                strstr
 .text.avr-libc
                0x00001514       0x42 c:/winavr-20100110/bin/../lib/gcc/avr/4.3.3/../../../../avr/lib/avr5\libc.a(itoa.o)
                0x00001514                itoa
 .text.avr-libc
                0x00001556       0x68 c:/winavr-20100110/bin/../lib/gcc/avr/4.3.3/../../../../avr/lib/avr5\libc.a(ltoa.o)
                0x00001556                ltoa
 .text.avr-libc
                0x000015be       0x10 c:/winavr-20100110/bin/../lib/gcc/avr/4.3.3/../../../../avr/lib/avr5\libc.a(mul10.o)
                0x000015be                __mulhi_const_10
 .text.avr-libc
                0x000015ce       0x48 c:/winavr-20100110/bin/../lib/gcc/avr/4.3.3/../../../../avr/lib/avr5\libc.a(sprintf.o)
                0x000015ce                sprintf
 .text.avr-libc
                0x00001616      0x3ba c:/winavr-20100110/bin/../lib/gcc/avr/4.3.3/../../../../avr/lib/avr5\libc.a(vfprintf_std.o)
                0x00001616                vfprintf
 .text.avr-libc
                0x000019d0       0x16 c:/winavr-20100110/bin/../lib/gcc/avr/4.3.3/../../../../avr/lib/avr5\libc.a(strnlen_P.o)
                0x000019d0                strnlen_P
 .text.avr-libc
                0x000019e6       0x16 c:/winavr-20100110/bin/../lib/gcc/avr/4.3.3/../../../../avr/lib/avr5\libc.a(strnlen.o)
                0x000019e6                strnlen
 .text.avr-libc
                0x000019fc       0x20 c:/winavr-20100110/bin/../lib/gcc/avr/4.3.3/../../../../avr/lib/avr5\libc.a(strrev.o)
                0x000019fc                strrev
 .text.avr-libc
                0x00001a1c       0x58 c:/winavr-20100110/bin/../lib/gcc/avr/4.3.3/../../../../avr/lib/avr5\libc.a(fputc.o)
                0x00001a1c                fputc
 .text.avr-libc
                0x00001a74       0xbc c:/winavr-20100110/bin/../lib/gcc/avr/4.3.3/../../../../avr/lib/avr5\libc.a(ultoa_invert.o)
                0x00001a74                __ultoa_invert
 .text.libgcc   0x00001b30       0x38 c:/winavr-20100110/bin/../lib/gcc/avr/4.3.3/avr5\libgcc.a(_prologue.o)
                0x00001b30                __prologue_saves__
 .text.libgcc   0x00001b68       0x36 c:/winavr-20100110/bin/../lib/gcc/avr/4.3.3/avr5\libgcc.a(_epilogue.o)
                0x00001b68                __epilogue_restores__
                0x00001b9e                . = ALIGN (0x2)
 *(.fini9)
 .fini9         0x00001b9e        0x0 c:/winavr-20100110/bin/../lib/gcc/avr/4.3.3/avr5\libgcc.a(_exit.o)
                0x00001b9e                exit
                0x00001b9e                _exit
 *(.fini9)
 *(.fini8)
 *(.fini8)
 *(.fini7)
 *(.fini7)
 *(.fini6)
 *(.fini6)
 *(.fini5)
 *(.fini5)
 *(.fini4)
 *(.fini4)
 *(.fini3)
 *(.fini3)
 *(.fini2)
 *(.fini2)
 *(.fini1)
 *(.fini1)
 *(.fini0)
 .fini0         0x00001b9e        0x4 c:/winavr-20100110/bin/../lib/gcc/avr/4.3.3/avr5\libgcc.a(_exit.o)
 *(.fini0)
                0x00001ba2                _etext = .

.data           0x00800060      0x19c load address 0x00001ba2
                0x00800060                PROVIDE (__data_start, .)
 *(.data)
 .data          0x00800060        0x0 c:/winavr-20100110/bin/../lib/gcc/avr/4.3.3/../../../../avr/lib/avr5/crtm32.o
 .data          0x00800060      0x189 Google_voice_assistance_based_smart_home.o
 .data          0x008001e9        0x3 C:\WinAVR-20100110\avr\include\avr\libefsio.a(efsio.o)
 .data          0x008001ec       0x10 C:\WinAVR-20100110\avr\include\avr\libixabwifiadvanced.a(wifi.o)
 .data          0x008001fc        0x0 c:/winavr-20100110/bin/../lib/gcc/avr/4.3.3/avr5\libgcc.a(_mulsi3.o)
 .data          0x008001fc        0x0 c:/winavr-20100110/bin/../lib/gcc/avr/4.3.3/avr5\libgcc.a(_divmodhi4.o)
 .data          0x008001fc        0x0 c:/winavr-20100110/bin/../lib/gcc/avr/4.3.3/avr5\libgcc.a(_udivmodsi4.o)
 .data          0x008001fc        0x0 c:/winavr-20100110/bin/../lib/gcc/avr/4.3.3/avr5\libgcc.a(_divmodsi4.o)
 .data          0x008001fc        0x0 c:/winavr-20100110/bin/../lib/gcc/avr/4.3.3/avr5\libgcc.a(_exit.o)
 .data          0x008001fc        0x0 c:/winavr-20100110/bin/../lib/gcc/avr/4.3.3/avr5\libgcc.a(_copy_data.o)
 .data          0x008001fc        0x0 c:/winavr-20100110/bin/../lib/gcc/avr/4.3.3/avr5\libgcc.a(_clear_bss.o)
 .data          0x008001fc        0x0 c:/winavr-20100110/bin/../lib/gcc/avr/4.3.3/avr5\libgcc.a(_udivmodhi4.o)
 .data          0x008001fc        0x0 c:/winavr-20100110/bin/../lib/gcc/avr/4.3.3/../../../../avr/lib/avr5\libc.a(atoi.o)
 .data          0x008001fc        0x0 c:/winavr-20100110/bin/../lib/gcc/avr/4.3.3/../../../../avr/lib/avr5\libc.a(strchr.o)
 .data          0x008001fc        0x0 c:/winavr-20100110/bin/../lib/gcc/avr/4.3.3/../../../../avr/lib/avr5\libc.a(strcpy.o)
 .data          0x008001fc        0x0 c:/winavr-20100110/bin/../lib/gcc/avr/4.3.3/../../../../avr/lib/avr5\libc.a(strncasecmp.o)
 .data          0x008001fc        0x0 c:/winavr-20100110/bin/../lib/gcc/avr/4.3.3/../../../../avr/lib/avr5\libc.a(strncpy.o)
 .data          0x008001fc        0x0 c:/winavr-20100110/bin/../lib/gcc/avr/4.3.3/../../../../avr/lib/avr5\libc.a(strstr.o)
 .data          0x008001fc        0x0 c:/winavr-20100110/bin/../lib/gcc/avr/4.3.3/../../../../avr/lib/avr5\libc.a(itoa.o)
 .data          0x008001fc        0x0 c:/winavr-20100110/bin/../lib/gcc/avr/4.3.3/../../../../avr/lib/avr5\libc.a(ltoa.o)
 .data          0x008001fc        0x0 c:/winavr-20100110/bin/../lib/gcc/avr/4.3.3/../../../../avr/lib/avr5\libc.a(mul10.o)
 .data          0x008001fc        0x0 c:/winavr-20100110/bin/../lib/gcc/avr/4.3.3/../../../../avr/lib/avr5\libc.a(sprintf.o)
 .data          0x008001fc        0x0 c:/winavr-20100110/bin/../lib/gcc/avr/4.3.3/../../../../avr/lib/avr5\libc.a(vfprintf_std.o)
 .data          0x008001fc        0x0 c:/winavr-20100110/bin/../lib/gcc/avr/4.3.3/../../../../avr/lib/avr5\libc.a(strnlen_P.o)
 .data          0x008001fc        0x0 c:/winavr-20100110/bin/../lib/gcc/avr/4.3.3/../../../../avr/lib/avr5\libc.a(strnlen.o)
 .data          0x008001fc        0x0 c:/winavr-20100110/bin/../lib/gcc/avr/4.3.3/../../../../avr/lib/avr5\libc.a(strrev.o)
 .data          0x008001fc        0x0 c:/winavr-20100110/bin/../lib/gcc/avr/4.3.3/../../../../avr/lib/avr5\libc.a(fputc.o)
 .data          0x008001fc        0x0 c:/winavr-20100110/bin/../lib/gcc/avr/4.3.3/../../../../avr/lib/avr5\libc.a(ultoa_invert.o)
 .data          0x008001fc        0x0 c:/winavr-20100110/bin/../lib/gcc/avr/4.3.3/avr5\libgcc.a(_prologue.o)
 .data          0x008001fc        0x0 c:/winavr-20100110/bin/../lib/gcc/avr/4.3.3/avr5\libgcc.a(_epilogue.o)
 *(.data*)
 *(.rodata)
 *(.rodata*)
 *(.gnu.linkonce.d*)
                0x008001fc                . = ALIGN (0x2)
                0x008001fc                _edata = .
                0x008001fc                PROVIDE (__data_end, .)

.bss            0x008001fc      0x205
                0x008001fc                PROVIDE (__bss_start, .)
 *(.bss)
 .bss           0x008001fc        0x0 c:/winavr-20100110/bin/../lib/gcc/avr/4.3.3/../../../../avr/lib/avr5/crtm32.o
 .bss           0x008001fc        0x2 Google_voice_assistance_based_smart_home.o
                0x008001fc                i
 .bss           0x008001fe        0x0 C:\WinAVR-20100110\avr\include\avr\libefsio.a(efsio.o)
 .bss           0x008001fe        0x2 C:\WinAVR-20100110\avr\include\avr\libixabwifiadvanced.a(wifi.o)
                0x008001fe                otacount
 .bss           0x00800200        0x0 c:/winavr-20100110/bin/../lib/gcc/avr/4.3.3/avr5\libgcc.a(_mulsi3.o)
 .bss           0x00800200        0x0 c:/winavr-20100110/bin/../lib/gcc/avr/4.3.3/avr5\libgcc.a(_divmodhi4.o)
 .bss           0x00800200        0x0 c:/winavr-20100110/bin/../lib/gcc/avr/4.3.3/avr5\libgcc.a(_udivmodsi4.o)
 .bss           0x00800200        0x0 c:/winavr-20100110/bin/../lib/gcc/avr/4.3.3/avr5\libgcc.a(_divmodsi4.o)
 .bss           0x00800200        0x0 c:/winavr-20100110/bin/../lib/gcc/avr/4.3.3/avr5\libgcc.a(_exit.o)
 .bss           0x00800200        0x0 c:/winavr-20100110/bin/../lib/gcc/avr/4.3.3/avr5\libgcc.a(_copy_data.o)
 .bss           0x00800200        0x0 c:/winavr-20100110/bin/../lib/gcc/avr/4.3.3/avr5\libgcc.a(_clear_bss.o)
 .bss           0x00800200        0x0 c:/winavr-20100110/bin/../lib/gcc/avr/4.3.3/avr5\libgcc.a(_udivmodhi4.o)
 .bss           0x00800200        0x0 c:/winavr-20100110/bin/../lib/gcc/avr/4.3.3/../../../../avr/lib/avr5\libc.a(atoi.o)
 .bss           0x00800200        0x0 c:/winavr-20100110/bin/../lib/gcc/avr/4.3.3/../../../../avr/lib/avr5\libc.a(strchr.o)
 .bss           0x00800200        0x0 c:/winavr-20100110/bin/../lib/gcc/avr/4.3.3/../../../../avr/lib/avr5\libc.a(strcpy.o)
 .bss           0x00800200        0x0 c:/winavr-20100110/bin/../lib/gcc/avr/4.3.3/../../../../avr/lib/avr5\libc.a(strncasecmp.o)
 .bss           0x00800200        0x0 c:/winavr-20100110/bin/../lib/gcc/avr/4.3.3/../../../../avr/lib/avr5\libc.a(strncpy.o)
 .bss           0x00800200        0x0 c:/winavr-20100110/bin/../lib/gcc/avr/4.3.3/../../../../avr/lib/avr5\libc.a(strstr.o)
 .bss           0x00800200        0x0 c:/winavr-20100110/bin/../lib/gcc/avr/4.3.3/../../../../avr/lib/avr5\libc.a(itoa.o)
 .bss           0x00800200        0x0 c:/winavr-20100110/bin/../lib/gcc/avr/4.3.3/../../../../avr/lib/avr5\libc.a(ltoa.o)
 .bss           0x00800200        0x0 c:/winavr-20100110/bin/../lib/gcc/avr/4.3.3/../../../../avr/lib/avr5\libc.a(mul10.o)
 .bss           0x00800200        0x0 c:/winavr-20100110/bin/../lib/gcc/avr/4.3.3/../../../../avr/lib/avr5\libc.a(sprintf.o)
 .bss           0x00800200        0x0 c:/winavr-20100110/bin/../lib/gcc/avr/4.3.3/../../../../avr/lib/avr5\libc.a(vfprintf_std.o)
 .bss           0x00800200        0x0 c:/winavr-20100110/bin/../lib/gcc/avr/4.3.3/../../../../avr/lib/avr5\libc.a(strnlen_P.o)
 .bss           0x00800200        0x0 c:/winavr-20100110/bin/../lib/gcc/avr/4.3.3/../../../../avr/lib/avr5\libc.a(strnlen.o)
 .bss           0x00800200        0x0 c:/winavr-20100110/bin/../lib/gcc/avr/4.3.3/../../../../avr/lib/avr5\libc.a(strrev.o)
 .bss           0x00800200        0x0 c:/winavr-20100110/bin/../lib/gcc/avr/4.3.3/../../../../avr/lib/avr5\libc.a(fputc.o)
 .bss           0x00800200        0x0 c:/winavr-20100110/bin/../lib/gcc/avr/4.3.3/../../../../avr/lib/avr5\libc.a(ultoa_invert.o)
 .bss           0x00800200        0x0 c:/winavr-20100110/bin/../lib/gcc/avr/4.3.3/avr5\libgcc.a(_prologue.o)
 .bss           0x00800200        0x0 c:/winavr-20100110/bin/../lib/gcc/avr/4.3.3/avr5\libgcc.a(_epilogue.o)
 *(.bss*)
 *(COMMON)
 COMMON         0x00800200      0x142 Google_voice_assistance_based_smart_home.o
                0x00800200                UQFront
                0x00800201                data
                0x00800215                UQEnd
                0x00800216                URBuff
 COMMON         0x00800342       0xbf C:\WinAVR-20100110\avr\include\avr\libixabwifiadvanced.a(wifi.o)
                0x00800342                jd
                0x00800344                mk
                0x00800345                ah
                0x00800347                wxname
                0x00800353                wxpwsd
                0x0080035f                wifi_buffer
                0x008003ff                hcode
                0x00800401                PROVIDE (__bss_end, .)
                0x00001ba2                __data_load_start = LOADADDR (.data)
                0x00001d3e                __data_load_end = (__data_load_start + SIZEOF (.data))

.noinit         0x00800401        0x0
                0x00800401                PROVIDE (__noinit_start, .)
 *(.noinit*)
                0x00800401                PROVIDE (__noinit_end, .)
                0x00800401                _end = .
                0x00800401                PROVIDE (__heap_start, .)

.eeprom         0x00810000        0x0
 *(.eeprom*)
                0x00810000                __eeprom_end = .

.fuse
 *(.fuse)
 *(.lfuse)
 *(.hfuse)
 *(.efuse)

.lock
 *(.lock*)

.signature
 *(.signature*)

.stab
 *(.stab)

.stabstr
 *(.stabstr)

.stab.excl
 *(.stab.excl)

.stab.exclstr
 *(.stab.exclstr)

.stab.index
 *(.stab.index)

.stab.indexstr
 *(.stab.indexstr)

.comment
 *(.comment)

.debug
 *(.debug)

.line
 *(.line)

.debug_srcinfo
 *(.debug_srcinfo)

.debug_sfnames
 *(.debug_sfnames)

.debug_aranges  0x00000000       0x60
 *(.debug_aranges)
 .debug_aranges
                0x00000000       0x20 Google_voice_assistance_based_smart_home.o
 .debug_aranges
                0x00000020       0x20 C:\WinAVR-20100110\avr\include\avr\libefsio.a(efsio.o)
 .debug_aranges
                0x00000040       0x20 C:\WinAVR-20100110\avr\include\avr\libixabwifiadvanced.a(wifi.o)

.debug_pubnames
                0x00000000      0x3e0
 *(.debug_pubnames)
 .debug_pubnames
                0x00000000      0x290 Google_voice_assistance_based_smart_home.o
 .debug_pubnames
                0x00000290       0x6c C:\WinAVR-20100110\avr\include\avr\libefsio.a(efsio.o)
 .debug_pubnames
                0x000002fc       0xe4 C:\WinAVR-20100110\avr\include\avr\libixabwifiadvanced.a(wifi.o)

.debug_info     0x00000000     0x141d
 *(.debug_info)
 .debug_info    0x00000000      0xd07 Google_voice_assistance_based_smart_home.o
 .debug_info    0x00000d07      0x24b C:\WinAVR-20100110\avr\include\avr\libefsio.a(efsio.o)
 .debug_info    0x00000f52      0x4cb C:\WinAVR-20100110\avr\include\avr\libixabwifiadvanced.a(wifi.o)
 *(.gnu.linkonce.wi.*)

.debug_abbrev   0x00000000      0x6c0
 *(.debug_abbrev)
 .debug_abbrev  0x00000000      0x3ad Google_voice_assistance_based_smart_home.o
 .debug_abbrev  0x000003ad      0x134 C:\WinAVR-20100110\avr\include\avr\libefsio.a(efsio.o)
 .debug_abbrev  0x000004e1      0x1df C:\WinAVR-20100110\avr\include\avr\libixabwifiadvanced.a(wifi.o)

.debug_line     0x00000000     0x124c
 *(.debug_line)
 .debug_line    0x00000000      0xb46 Google_voice_assistance_based_smart_home.o
 .debug_line    0x00000b46      0x3ad C:\WinAVR-20100110\avr\include\avr\libefsio.a(efsio.o)
 .debug_line    0x00000ef3      0x359 C:\WinAVR-20100110\avr\include\avr\libixabwifiadvanced.a(wifi.o)

.debug_frame    0x00000000      0x390
 *(.debug_frame)
 .debug_frame   0x00000000      0x280 Google_voice_assistance_based_smart_home.o
 .debug_frame   0x00000280       0x80 C:\WinAVR-20100110\avr\include\avr\libefsio.a(efsio.o)
 .debug_frame   0x00000300       0x90 C:\WinAVR-20100110\avr\include\avr\libixabwifiadvanced.a(wifi.o)

.debug_str      0x00000000      0x568
 *(.debug_str)
 .debug_str     0x00000000      0x3a1 Google_voice_assistance_based_smart_home.o
                                0x3f8 (size before relaxing)
 .debug_str     0x000003a1       0xb5 C:\WinAVR-20100110\avr\include\avr\libefsio.a(efsio.o)
                                0x152 (size before relaxing)
 .debug_str     0x00000456      0x112 C:\WinAVR-20100110\avr\include\avr\libixabwifiadvanced.a(wifi.o)
                                0x1e2 (size before relaxing)

.debug_loc      0x00000000      0xb1b
 *(.debug_loc)
 .debug_loc     0x00000000      0x70a Google_voice_assistance_based_smart_home.o
 .debug_loc     0x0000070a      0x2a6 C:\WinAVR-20100110\avr\include\avr\libefsio.a(efsio.o)
 .debug_loc     0x000009b0      0x16b C:\WinAVR-20100110\avr\include\avr\libixabwifiadvanced.a(wifi.o)

.debug_macinfo
 *(.debug_macinfo)
OUTPUT(Google_voice_assistance_based_smart_home.elf elf32-avr)
LOAD linker stubs

.debug_ranges   0x00000000       0x48
 .debug_ranges  0x00000000       0x48 C:\WinAVR-20100110\avr\include\avr\libixabwifiadvanced.a(wifi.o)

Cross Reference Table

Symbol                                            File
UQEnd                                             Google_voice_assistance_based_smart_home.o
UQFront                                           Google_voice_assistance_based_smart_home.o
URBuff                                            Google_voice_assistance_based_smart_home.o
WaitForWResponse                                  C:\WinAVR-20100110\avr\include\avr\libixabwifiadvanced.a(wifi.o)
__bad_interrupt                                   c:/winavr-20100110/bin/../lib/gcc/avr/4.3.3/../../../../avr/lib/avr5/crtm32.o
__bss_end                                         c:/winavr-20100110/bin/../lib/gcc/avr/4.3.3/avr5\libgcc.a(_clear_bss.o)
__bss_start                                       c:/winavr-20100110/bin/../lib/gcc/avr/4.3.3/avr5\libgcc.a(_clear_bss.o)
__data_end                                        c:/winavr-20100110/bin/../lib/gcc/avr/4.3.3/avr5\libgcc.a(_copy_data.o)
__data_load_start                                 c:/winavr-20100110/bin/../lib/gcc/avr/4.3.3/avr5\libgcc.a(_copy_data.o)
__data_start                                      c:/winavr-20100110/bin/../lib/gcc/avr/4.3.3/avr5\libgcc.a(_copy_data.o)
__divmodhi4                                       c:/winavr-20100110/bin/../lib/gcc/avr/4.3.3/avr5\libgcc.a(_divmodhi4.o)
                                                  C:\WinAVR-20100110\avr\include\avr\libixabwifiadvanced.a(wifi.o)
__divmodsi4                                       c:/winavr-20100110/bin/../lib/gcc/avr/4.3.3/avr5\libgcc.a(_divmodsi4.o)
                                                  Google_voice_assistance_based_smart_home.o
__do_clear_bss                                    c:/winavr-20100110/bin/../lib/gcc/avr/4.3.3/avr5\libgcc.a(_clear_bss.o)
                                                  C:\WinAVR-20100110\avr\include\avr\libixabwifiadvanced.a(wifi.o)
                                                  Google_voice_assistance_based_smart_home.o
__do_copy_data                                    c:/winavr-20100110/bin/../lib/gcc/avr/4.3.3/avr5\libgcc.a(_copy_data.o)
                                                  C:\WinAVR-20100110\avr\include\avr\libixabwifiadvanced.a(wifi.o)
                                                  C:\WinAVR-20100110\avr\include\avr\libefsio.a(efsio.o)
                                                  Google_voice_assistance_based_smart_home.o
__epilogue_restores__                             c:/winavr-20100110/bin/../lib/gcc/avr/4.3.3/avr5\libgcc.a(_epilogue.o)
                                                  c:/winavr-20100110/bin/../lib/gcc/avr/4.3.3/../../../../avr/lib/avr5\libc.a(vfprintf_std.o)
                                                  c:/winavr-20100110/bin/../lib/gcc/avr/4.3.3/../../../../avr/lib/avr5\libc.a(sprintf.o)
__heap_end                                        c:/winavr-20100110/bin/../lib/gcc/avr/4.3.3/../../../../avr/lib/avr5/crtm32.o
__init                                            c:/winavr-20100110/bin/../lib/gcc/avr/4.3.3/../../../../avr/lib/avr5/crtm32.o
__mulhi_const_10                                  c:/winavr-20100110/bin/../lib/gcc/avr/4.3.3/../../../../avr/lib/avr5\libc.a(mul10.o)
                                                  c:/winavr-20100110/bin/../lib/gcc/avr/4.3.3/../../../../avr/lib/avr5\libc.a(atoi.o)
__mulsi3                                          c:/winavr-20100110/bin/../lib/gcc/avr/4.3.3/avr5\libgcc.a(_mulsi3.o)
                                                  Google_voice_assistance_based_smart_home.o
__prologue_saves__                                c:/winavr-20100110/bin/../lib/gcc/avr/4.3.3/avr5\libgcc.a(_prologue.o)
                                                  c:/winavr-20100110/bin/../lib/gcc/avr/4.3.3/../../../../avr/lib/avr5\libc.a(vfprintf_std.o)
                                                  c:/winavr-20100110/bin/../lib/gcc/avr/4.3.3/../../../../avr/lib/avr5\libc.a(sprintf.o)
__stack                                           c:/winavr-20100110/bin/../lib/gcc/avr/4.3.3/../../../../avr/lib/avr5/crtm32.o
__udivmodhi4                                      c:/winavr-20100110/bin/../lib/gcc/avr/4.3.3/avr5\libgcc.a(_udivmodhi4.o)
                                                  c:/winavr-20100110/bin/../lib/gcc/avr/4.3.3/../../../../avr/lib/avr5\libc.a(itoa.o)
                                                  c:/winavr-20100110/bin/../lib/gcc/avr/4.3.3/avr5\libgcc.a(_divmodhi4.o)
__udivmodsi4                                      c:/winavr-20100110/bin/../lib/gcc/avr/4.3.3/avr5\libgcc.a(_udivmodsi4.o)
                                                  c:/winavr-20100110/bin/../lib/gcc/avr/4.3.3/../../../../avr/lib/avr5\libc.a(ltoa.o)
                                                  c:/winavr-20100110/bin/../lib/gcc/avr/4.3.3/avr5\libgcc.a(_divmodsi4.o)
                                                  Google_voice_assistance_based_smart_home.o
__ultoa_invert                                    c:/winavr-20100110/bin/../lib/gcc/avr/4.3.3/../../../../avr/lib/avr5\libc.a(ultoa_invert.o)
                                                  c:/winavr-20100110/bin/../lib/gcc/avr/4.3.3/../../../../avr/lib/avr5\libc.a(vfprintf_std.o)
__vector_1                                        c:/winavr-20100110/bin/../lib/gcc/avr/4.3.3/../../../../avr/lib/avr5/crtm32.o
__vector_10                                       c:/winavr-20100110/bin/../lib/gcc/avr/4.3.3/../../../../avr/lib/avr5/crtm32.o
__vector_11                                       c:/winavr-20100110/bin/../lib/gcc/avr/4.3.3/../../../../avr/lib/avr5/crtm32.o
__vector_12                                       c:/winavr-20100110/bin/../lib/gcc/avr/4.3.3/../../../../avr/lib/avr5/crtm32.o
__vector_13                                       Google_voice_assistance_based_smart_home.o
                                                  c:/winavr-20100110/bin/../lib/gcc/avr/4.3.3/../../../../avr/lib/avr5/crtm32.o
__vector_14                                       c:/winavr-20100110/bin/../lib/gcc/avr/4.3.3/../../../../avr/lib/avr5/crtm32.o
__vector_15                                       c:/winavr-20100110/bin/../lib/gcc/avr/4.3.3/../../../../avr/lib/avr5/crtm32.o
__vector_16                                       c:/winavr-20100110/bin/../lib/gcc/avr/4.3.3/../../../../avr/lib/avr5/crtm32.o
__vector_17                                       c:/winavr-20100110/bin/../lib/gcc/avr/4.3.3/../../../../avr/lib/avr5/crtm32.o
__vector_18                                       c:/winavr-20100110/bin/../lib/gcc/avr/4.3.3/../../../../avr/lib/avr5/crtm32.o
__vector_19                                       c:/winavr-20100110/bin/../lib/gcc/avr/4.3.3/../../../../avr/lib/avr5/crtm32.o
__vector_2                                        c:/winavr-20100110/bin/../lib/gcc/avr/4.3.3/../../../../avr/lib/avr5/crtm32.o
__vector_20                                       c:/winavr-20100110/bin/../lib/gcc/avr/4.3.3/../../../../avr/lib/avr5/crtm32.o
__vector_3                                        c:/winavr-20100110/bin/../lib/gcc/avr/4.3.3/../../../../avr/lib/avr5/crtm32.o
__vector_4                                        c:/winavr-20100110/bin/../lib/gcc/avr/4.3.3/../../../../avr/lib/avr5/crtm32.o
__vector_5                                        c:/winavr-20100110/bin/../lib/gcc/avr/4.3.3/../../../../avr/lib/avr5/crtm32.o
__vector_6                                        c:/winavr-20100110/bin/../lib/gcc/avr/4.3.3/../../../../avr/lib/avr5/crtm32.o
__vector_7                                        c:/winavr-20100110/bin/../lib/gcc/avr/4.3.3/../../../../avr/lib/avr5/crtm32.o
__vector_8                                        c:/winavr-20100110/bin/../lib/gcc/avr/4.3.3/../../../../avr/lib/avr5/crtm32.o
__vector_9                                        c:/winavr-20100110/bin/../lib/gcc/avr/4.3.3/../../../../avr/lib/avr5/crtm32.o
__vector_default                                  c:/winavr-20100110/bin/../lib/gcc/avr/4.3.3/../../../../avr/lib/avr5/crtm32.o
__vectors                                         c:/winavr-20100110/bin/../lib/gcc/avr/4.3.3/../../../../avr/lib/avr5/crtm32.o
_div                                              c:/winavr-20100110/bin/../lib/gcc/avr/4.3.3/avr5\libgcc.a(_divmodhi4.o)
_exit                                             c:/winavr-20100110/bin/../lib/gcc/avr/4.3.3/avr5\libgcc.a(_exit.o)
ah                                                C:\WinAVR-20100110\avr\include\avr\libixabwifiadvanced.a(wifi.o)
all_lights_off                                    Google_voice_assistance_based_smart_home.o
all_lights_on                                     Google_voice_assistance_based_smart_home.o
atoi                                              c:/winavr-20100110/bin/../lib/gcc/avr/4.3.3/../../../../avr/lib/avr5\libc.a(atoi.o)
                                                  C:\WinAVR-20100110\avr\include\avr\libefsio.a(efsio.o)
                                                  Google_voice_assistance_based_smart_home.o
compare                                           C:\WinAVR-20100110\avr\include\avr\libefsio.a(efsio.o)
                                                  Google_voice_assistance_based_smart_home.o
complete_setup                                    Google_voice_assistance_based_smart_home.o
data                                              Google_voice_assistance_based_smart_home.o
data_retrieve                                     Google_voice_assistance_based_smart_home.o
data_retrievex                                    Google_voice_assistance_based_smart_home.o
data_update                                       Google_voice_assistance_based_smart_home.o
data_updatex                                      Google_voice_assistance_based_smart_home.o
direction                                         C:\WinAVR-20100110\avr\include\avr\libefsio.a(efsio.o)
exit                                              c:/winavr-20100110/bin/../lib/gcc/avr/4.3.3/avr5\libgcc.a(_exit.o)
                                                  c:/winavr-20100110/bin/../lib/gcc/avr/4.3.3/../../../../avr/lib/avr5/crtm32.o
fputc                                             c:/winavr-20100110/bin/../lib/gcc/avr/4.3.3/../../../../avr/lib/avr5\libc.a(fputc.o)
                                                  c:/winavr-20100110/bin/../lib/gcc/avr/4.3.3/../../../../avr/lib/avr5\libc.a(vfprintf_std.o)
gps_update                                        Google_voice_assistance_based_smart_home.o
hcode                                             C:\WinAVR-20100110\avr\include\avr\libixabwifiadvanced.a(wifi.o)
i                                                 Google_voice_assistance_based_smart_home.o
itoa                                              c:/winavr-20100110/bin/../lib/gcc/avr/4.3.3/../../../../avr/lib/avr5\libc.a(itoa.o)
                                                  Google_voice_assistance_based_smart_home.o
jd                                                C:\WinAVR-20100110\avr\include\avr\libixabwifiadvanced.a(wifi.o)
jsonparser                                        C:\WinAVR-20100110\avr\include\avr\libefsio.a(efsio.o)
                                                  Google_voice_assistance_based_smart_home.o
lcd_clear                                         Google_voice_assistance_based_smart_home.o
lcd_command                                       Google_voice_assistance_based_smart_home.o
lcd_data                                          Google_voice_assistance_based_smart_home.o
lcd_getxy                                         Google_voice_assistance_based_smart_home.o
lcd_gotoxy                                        Google_voice_assistance_based_smart_home.o
lcd_home                                          Google_voice_assistance_based_smart_home.o
lcd_init                                          Google_voice_assistance_based_smart_home.o
lcd_num                                           Google_voice_assistance_based_smart_home.o
lcd_putc                                          Google_voice_assistance_based_smart_home.o
lcd_puts_p                                        Google_voice_assistance_based_smart_home.o
lcd_string                                        Google_voice_assistance_based_smart_home.o
lcd_string_X                                      Google_voice_assistance_based_smart_home.o
ltoa                                              c:/winavr-20100110/bin/../lib/gcc/avr/4.3.3/../../../../avr/lib/avr5\libc.a(ltoa.o)
                                                  Google_voice_assistance_based_smart_home.o
main                                              Google_voice_assistance_based_smart_home.o
                                                  c:/winavr-20100110/bin/../lib/gcc/avr/4.3.3/../../../../avr/lib/avr5/crtm32.o
mk                                                C:\WinAVR-20100110\avr\include\avr\libixabwifiadvanced.a(wifi.o)
otacount                                          C:\WinAVR-20100110\avr\include\avr\libixabwifiadvanced.a(wifi.o)
read                                              C:\WinAVR-20100110\avr\include\avr\libefsio.a(efsio.o)
reconfigure                                       C:\WinAVR-20100110\avr\include\avr\libixabwifiadvanced.a(wifi.o)
rgb_retrieve                                      Google_voice_assistance_based_smart_home.o
s_clearbuffer                                     Google_voice_assistance_based_smart_home.o
                                                  C:\WinAVR-20100110\avr\include\avr\libixabwifiadvanced.a(wifi.o)
s_readbuffer                                      Google_voice_assistance_based_smart_home.o
serial_available                                  Google_voice_assistance_based_smart_home.o
                                                  C:\WinAVR-20100110\avr\include\avr\libixabwifiadvanced.a(wifi.o)
serial_char                                       Google_voice_assistance_based_smart_home.o
serial_finit                                      Google_voice_assistance_based_smart_home.o
serial_init                                       Google_voice_assistance_based_smart_home.o
serial_nread                                      Google_voice_assistance_based_smart_home.o
serial_nreadw                                     Google_voice_assistance_based_smart_home.o
serial_num                                        Google_voice_assistance_based_smart_home.o
serial_numl                                       Google_voice_assistance_based_smart_home.o
serial_read                                       Google_voice_assistance_based_smart_home.o
                                                  C:\WinAVR-20100110\avr\include\avr\libixabwifiadvanced.a(wifi.o)
serial_select                                     C:\WinAVR-20100110\avr\include\avr\libefsio.a(efsio.o)
                                                  Google_voice_assistance_based_smart_home.o
serial_string                                     Google_voice_assistance_based_smart_home.o
                                                  C:\WinAVR-20100110\avr\include\avr\libixabwifiadvanced.a(wifi.o)
serial_string_P                                   Google_voice_assistance_based_smart_home.o
                                                  C:\WinAVR-20100110\avr\include\avr\libixabwifiadvanced.a(wifi.o)
sprintf                                           c:/winavr-20100110/bin/../lib/gcc/avr/4.3.3/../../../../avr/lib/avr5\libc.a(sprintf.o)
                                                  Google_voice_assistance_based_smart_home.o
str_num                                           C:\WinAVR-20100110\avr\include\avr\libefsio.a(efsio.o)
strchr                                            c:/winavr-20100110/bin/../lib/gcc/avr/4.3.3/../../../../avr/lib/avr5\libc.a(strchr.o)
                                                  C:\WinAVR-20100110\avr\include\avr\libefsio.a(efsio.o)
strcpy                                            c:/winavr-20100110/bin/../lib/gcc/avr/4.3.3/../../../../avr/lib/avr5\libc.a(strcpy.o)
                                                  C:\WinAVR-20100110\avr\include\avr\libixabwifiadvanced.a(wifi.o)
                                                  Google_voice_assistance_based_smart_home.o
strncasecmp                                       c:/winavr-20100110/bin/../lib/gcc/avr/4.3.3/../../../../avr/lib/avr5\libc.a(strncasecmp.o)
                                                  C:\WinAVR-20100110\avr\include\avr\libefsio.a(efsio.o)
strncpy                                           c:/winavr-20100110/bin/../lib/gcc/avr/4.3.3/../../../../avr/lib/avr5\libc.a(strncpy.o)
                                                  C:\WinAVR-20100110\avr\include\avr\libefsio.a(efsio.o)
strnlen                                           c:/winavr-20100110/bin/../lib/gcc/avr/4.3.3/../../../../avr/lib/avr5\libc.a(strnlen.o)
                                                  c:/winavr-20100110/bin/../lib/gcc/avr/4.3.3/../../../../avr/lib/avr5\libc.a(vfprintf_std.o)
strnlen_P                                         c:/winavr-20100110/bin/../lib/gcc/avr/4.3.3/../../../../avr/lib/avr5\libc.a(strnlen_P.o)
                                                  c:/winavr-20100110/bin/../lib/gcc/avr/4.3.3/../../../../avr/lib/avr5\libc.a(vfprintf_std.o)
strrev                                            c:/winavr-20100110/bin/../lib/gcc/avr/4.3.3/../../../../avr/lib/avr5\libc.a(strrev.o)
                                                  c:/winavr-20100110/bin/../lib/gcc/avr/4.3.3/../../../../avr/lib/avr5\libc.a(ltoa.o)
                                                  c:/winavr-20100110/bin/../lib/gcc/avr/4.3.3/../../../../avr/lib/avr5\libc.a(itoa.o)
strstr                                            c:/winavr-20100110/bin/../lib/gcc/avr/4.3.3/../../../../avr/lib/avr5\libc.a(strstr.o)
                                                  C:\WinAVR-20100110\avr\include\avr\libefsio.a(efsio.o)
urclear                                           Google_voice_assistance_based_smart_home.o
vfprintf                                          c:/winavr-20100110/bin/../lib/gcc/avr/4.3.3/../../../../avr/lib/avr5\libc.a(vfprintf_std.o)
                                                  c:/winavr-20100110/bin/../lib/gcc/avr/4.3.3/../../../../avr/lib/avr5\libc.a(sprintf.o)
wifi_buffer                                       C:\WinAVR-20100110\avr\include\avr\libixabwifiadvanced.a(wifi.o)
wifi_connect                                      C:\WinAVR-20100110\avr\include\avr\libixabwifiadvanced.a(wifi.o)
                                                  Google_voice_assistance_based_smart_home.o
wifi_http                                         C:\WinAVR-20100110\avr\include\avr\libixabwifiadvanced.a(wifi.o)
                                                  Google_voice_assistance_based_smart_home.o
wifi_init                                         C:\WinAVR-20100110\avr\include\avr\libixabwifiadvanced.a(wifi.o)
                                                  Google_voice_assistance_based_smart_home.o
wifi_off                                          C:\WinAVR-20100110\avr\include\avr\libixabwifiadvanced.a(wifi.o)
wifi_restart                                      C:\WinAVR-20100110\avr\include\avr\libixabwifiadvanced.a(wifi.o)
wifi_status                                       C:\WinAVR-20100110\avr\include\avr\libixabwifiadvanced.a(wifi.o)
write                                             C:\WinAVR-20100110\avr\include\avr\libefsio.a(efsio.o)
                                                  Google_voice_assistance_based_smart_home.o
wxname                                            C:\WinAVR-20100110\avr\include\avr\libixabwifiadvanced.a(wifi.o)
wxpwsd                                            C:\WinAVR-20100110\avr\include\avr\libixabwifiadvanced.a(wifi.o)
